// Jest Snapshot v1, https://goo.gl/fbAQLP

exports[`Button Component Test Suite renders correctly 1`] = `
<button
  className="button"
  onClick={[Function]}
>
  Button title
</button>
`;
