// Jest Snapshot v1, https://goo.gl/fbAQLP

exports[`Rating Component Test Suite renders correctly 1`] = `
Array [
  <label
    className="label"
  >
    Overall rating
  </label>,
  <span
    className="star star"
    onMouseLeave={[Function]}
    style={
      Object {
        "direction": "ltr",
        "display": "inline-block",
      }
    }
  >
    <span
      onClick={[Function]}
      onMouseMove={[Function]}
      onTouchEnd={[Function]}
      onTouchMove={[Function]}
      style={
        Object {
          "cursor": "pointer",
          "display": "inline-block",
          "position": "relative",
        }
      }
    >
      <span
        style={Object {}}
      >
        <span
          className="fa fa-star-o fa-2x"
        />
      </span>
      <span
        style={
          Object {
            "display": "inline-block",
            "left": 0,
            "overflow": "hidden",
            "position": "absolute",
            "top": 0,
            "width": "0%",
          }
        }
      >
        <span
          className="fa fa-star fa-2x"
        />
      </span>
    </span>
    <span
      onClick={[Function]}
      onMouseMove={[Function]}
      onTouchEnd={[Function]}
      onTouchMove={[Function]}
      style={
        Object {
          "cursor": "pointer",
          "display": "inline-block",
          "position": "relative",
        }
      }
    >
      <span
        style={Object {}}
      >
        <span
          className="fa fa-star-o fa-2x"
        />
      </span>
      <span
        style={
          Object {
            "display": "inline-block",
            "left": 0,
            "overflow": "hidden",
            "position": "absolute",
            "top": 0,
            "width": "0%",
          }
        }
      >
        <span
          className="fa fa-star fa-2x"
        />
      </span>
    </span>
    <span
      onClick={[Function]}
      onMouseMove={[Function]}
      onTouchEnd={[Function]}
      onTouchMove={[Function]}
      style={
        Object {
          "cursor": "pointer",
          "display": "inline-block",
          "position": "relative",
        }
      }
    >
      <span
        style={Object {}}
      >
        <span
          className="fa fa-star-o fa-2x"
        />
      </span>
      <span
        style={
          Object {
            "display": "inline-block",
            "left": 0,
            "overflow": "hidden",
            "position": "absolute",
            "top": 0,
            "width": "0%",
          }
        }
      >
        <span
          className="fa fa-star fa-2x"
        />
      </span>
    </span>
    <span
      onClick={[Function]}
      onMouseMove={[Function]}
      onTouchEnd={[Function]}
      onTouchMove={[Function]}
      style={
        Object {
          "cursor": "pointer",
          "display": "inline-block",
          "position": "relative",
        }
      }
    >
      <span
        style={Object {}}
      >
        <span
          className="fa fa-star-o fa-2x"
        />
      </span>
      <span
        style={
          Object {
            "display": "inline-block",
            "left": 0,
            "overflow": "hidden",
            "position": "absolute",
            "top": 0,
            "width": "0%",
          }
        }
      >
        <span
          className="fa fa-star fa-2x"
        />
      </span>
    </span>
    <span
      onClick={[Function]}
      onMouseMove={[Function]}
      onTouchEnd={[Function]}
      onTouchMove={[Function]}
      style={
        Object {
          "cursor": "pointer",
          "display": "inline-block",
          "position": "relative",
        }
      }
    >
      <span
        style={Object {}}
      >
        <span
          className="fa fa-star-o fa-2x"
        />
      </span>
      <span
        style={
          Object {
            "display": "inline-block",
            "left": 0,
            "overflow": "hidden",
            "position": "absolute",
            "top": 0,
            "width": "0%",
          }
        }
      >
        <span
          className="fa fa-star fa-2x"
        />
      </span>
    </span>
  </span>,
]
`;
