// Jest Snapshot v1, https://goo.gl/fbAQLP

exports[`BarGraph Component Test Suite renders correctly 1`] = `
<div
  className="recharts-wrapper"
  onMouseEnter={[Function]}
  onMouseLeave={[Function]}
  onMouseMove={[Function]}
  onTouchEnd={[Function]}
  onTouchMove={[Function]}
  onTouchStart={[Function]}
  style={
    Object {
      "cursor": "default",
      "height": 400,
      "position": "relative",
      "width": 500,
    }
  }
>
  <svg
    className="recharts-surface"
    fillOpacity={1}
    height={400}
    version="1.1"
    viewBox="0 0 500 400"
    width={500}
  >
    <defs>
      <clipPath
        id="recharts2-clip"
      >
        <rect
          height={360}
          width={410}
          x={60}
          y={10}
        />
      </clipPath>
    </defs>
    <g
      className="recharts-cartesian-grid"
    >
      <g
        className="recharts-cartesian-grid-horizontal"
      >
        <line
          fill="none"
          height={360}
          stroke="#ccc"
          strokeDasharray="3 3"
          width={410}
          x={60}
          x1={60}
          x2={470}
          y={10}
          y1={370}
          y2={370}
        />
        <line
          fill="none"
          height={360}
          stroke="#ccc"
          strokeDasharray="3 3"
          width={410}
          x={60}
          x1={60}
          x2={470}
          y={10}
          y1={298}
          y2={298}
        />
        <line
          fill="none"
          height={360}
          stroke="#ccc"
          strokeDasharray="3 3"
          width={410}
          x={60}
          x1={60}
          x2={470}
          y={10}
          y1={226}
          y2={226}
        />
        <line
          fill="none"
          height={360}
          stroke="#ccc"
          strokeDasharray="3 3"
          width={410}
          x={60}
          x1={60}
          x2={470}
          y={10}
          y1={154}
          y2={154}
        />
        <line
          fill="none"
          height={360}
          stroke="#ccc"
          strokeDasharray="3 3"
          width={410}
          x={60}
          x1={60}
          x2={470}
          y={10}
          y1={81.99999999999999}
          y2={81.99999999999999}
        />
        <line
          fill="none"
          height={360}
          stroke="#ccc"
          strokeDasharray="3 3"
          width={410}
          x={60}
          x1={60}
          x2={470}
          y={10}
          y1={10}
          y2={10}
        />
      </g>
      <g
        className="recharts-cartesian-grid-vertical"
      >
        <line
          fill="none"
          height={360}
          stroke="#ccc"
          strokeDasharray="3 3"
          width={410}
          x={60}
          x1={162.5}
          x2={162.5}
          y={10}
          y1={10}
          y2={370}
        />
        <line
          fill="none"
          height={360}
          stroke="#ccc"
          strokeDasharray="3 3"
          width={410}
          x={60}
          x1={367.5}
          x2={367.5}
          y={10}
          y1={10}
          y2={370}
        />
        <line
          fill="none"
          height={360}
          stroke="#ccc"
          strokeDasharray="3 3"
          width={410}
          x={60}
          x1={60}
          x2={60}
          y={10}
          y1={10}
          y2={370}
        />
        <line
          fill="none"
          height={360}
          stroke="#ccc"
          strokeDasharray="3 3"
          width={410}
          x={60}
          x1={470}
          x2={470}
          y={10}
          y1={10}
          y2={370}
        />
      </g>
    </g>
    <g
      className="recharts-layer recharts-cartesian-axis recharts-xAxis xAxis"
    >
      <line
        className="recharts-cartesian-axis-line"
        fill="none"
        height={30}
        stroke="#666"
        width={410}
        x={60}
        x1={60}
        x2={470}
        y={370}
        y1={370}
        y2={370}
      />
      <g
        className="recharts-cartesian-axis-ticks"
      >
        <g
          className="recharts-layer recharts-cartesian-axis-tick"
        >
          <line
            className="recharts-cartesian-axis-tick-line"
            fill="none"
            height={30}
            stroke="#666"
            width={410}
            x={60}
            x1={162.5}
            x2={162.5}
            y={370}
            y1={376}
            y2={370}
          />
          <text
            className="recharts-text recharts-cartesian-axis-tick-value"
            fill="#666"
            height={30}
            stroke="none"
            textAnchor="middle"
            width={410}
            x={162.5}
            y={378}
          >
            <tspan
              dy="0.71em"
              x={162.5}
            >
              5
            </tspan>
          </text>
        </g>
        <g
          className="recharts-layer recharts-cartesian-axis-tick"
        >
          <line
            className="recharts-cartesian-axis-tick-line"
            fill="none"
            height={30}
            stroke="#666"
            width={410}
            x={60}
            x1={367.5}
            x2={367.5}
            y={370}
            y1={376}
            y2={370}
          />
          <text
            className="recharts-text recharts-cartesian-axis-tick-value"
            fill="#666"
            height={30}
            stroke="none"
            textAnchor="middle"
            width={410}
            x={367.5}
            y={378}
          >
            <tspan
              dy="0.71em"
              x={367.5}
            >
              5
            </tspan>
          </text>
        </g>
      </g>
    </g>
    <g
      className="recharts-layer recharts-cartesian-axis recharts-yAxis yAxis"
    >
      <line
        className="recharts-cartesian-axis-line"
        fill="none"
        height={360}
        stroke="#666"
        width={60}
        x={0}
        x1={60}
        x2={60}
        y={10}
        y1={10}
        y2={370}
      />
      <g
        className="recharts-cartesian-axis-ticks"
      >
        <g
          className="recharts-layer recharts-cartesian-axis-tick"
        >
          <line
            className="recharts-cartesian-axis-tick-line"
            fill="none"
            height={360}
            stroke="#666"
            width={60}
            x={0}
            x1={54}
            x2={60}
            y={10}
            y1={370}
            y2={370}
          />
          <text
            className="recharts-text recharts-cartesian-axis-tick-value"
            fill="#666"
            height={360}
            stroke="none"
            textAnchor="end"
            width={60}
            x={52}
            y={370}
          >
            <tspan
              dy="0.355em"
              x={52}
            >
              0
            </tspan>
          </text>
        </g>
        <g
          className="recharts-layer recharts-cartesian-axis-tick"
        >
          <line
            className="recharts-cartesian-axis-tick-line"
            fill="none"
            height={360}
            stroke="#666"
            width={60}
            x={0}
            x1={54}
            x2={60}
            y={10}
            y1={298}
            y2={298}
          />
          <text
            className="recharts-text recharts-cartesian-axis-tick-value"
            fill="#666"
            height={360}
            stroke="none"
            textAnchor="end"
            width={60}
            x={52}
            y={298}
          >
            <tspan
              dy="0.355em"
              x={52}
            >
              1
            </tspan>
          </text>
        </g>
        <g
          className="recharts-layer recharts-cartesian-axis-tick"
        >
          <line
            className="recharts-cartesian-axis-tick-line"
            fill="none"
            height={360}
            stroke="#666"
            width={60}
            x={0}
            x1={54}
            x2={60}
            y={10}
            y1={226}
            y2={226}
          />
          <text
            className="recharts-text recharts-cartesian-axis-tick-value"
            fill="#666"
            height={360}
            stroke="none"
            textAnchor="end"
            width={60}
            x={52}
            y={226}
          >
            <tspan
              dy="0.355em"
              x={52}
            >
              2
            </tspan>
          </text>
        </g>
        <g
          className="recharts-layer recharts-cartesian-axis-tick"
        >
          <line
            className="recharts-cartesian-axis-tick-line"
            fill="none"
            height={360}
            stroke="#666"
            width={60}
            x={0}
            x1={54}
            x2={60}
            y={10}
            y1={154}
            y2={154}
          />
          <text
            className="recharts-text recharts-cartesian-axis-tick-value"
            fill="#666"
            height={360}
            stroke="none"
            textAnchor="end"
            width={60}
            x={52}
            y={154}
          >
            <tspan
              dy="0.355em"
              x={52}
            >
              3
            </tspan>
          </text>
        </g>
        <g
          className="recharts-layer recharts-cartesian-axis-tick"
        >
          <line
            className="recharts-cartesian-axis-tick-line"
            fill="none"
            height={360}
            stroke="#666"
            width={60}
            x={0}
            x1={54}
            x2={60}
            y={10}
            y1={81.99999999999999}
            y2={81.99999999999999}
          />
          <text
            className="recharts-text recharts-cartesian-axis-tick-value"
            fill="#666"
            height={360}
            stroke="none"
            textAnchor="end"
            width={60}
            x={52}
            y={81.99999999999999}
          >
            <tspan
              dy="0.355em"
              x={52}
            >
              4
            </tspan>
          </text>
        </g>
        <g
          className="recharts-layer recharts-cartesian-axis-tick"
        >
          <line
            className="recharts-cartesian-axis-tick-line"
            fill="none"
            height={360}
            stroke="#666"
            width={60}
            x={0}
            x1={54}
            x2={60}
            y={10}
            y1={10}
            y2={10}
          />
          <text
            className="recharts-text recharts-cartesian-axis-tick-value"
            fill="#666"
            height={360}
            stroke="none"
            textAnchor="end"
            width={60}
            x={52}
            y={10}
          >
            <tspan
              dy="0.355em"
              x={52}
            >
              5
            </tspan>
          </text>
        </g>
      </g>
    </g>
    <g
      className="recharts-layer recharts-bar"
    >
      <g
        className="recharts-layer recharts-bar-rectangles"
        clipPath={null}
      >
        <g
          className="recharts-layer"
        >
          <g
            className="recharts-layer recharts-bar-rectangle"
          />
          <g
            className="recharts-layer recharts-bar-rectangle"
          />
        </g>
      </g>
    </g>
    <defs>
      <linearGradient
        id="colorUv"
        x1="0"
        x2="0"
        y1="0"
        y2="1"
      >
        <stop
          offset="5%"
          stopColor="#e052a0"
          stopOpacity={1}
        />
        <stop
          fillOpacity={1}
          offset="95%"
          stopColor="#f15c41"
          stopOpacity={1}
        />
      </linearGradient>
    </defs>
  </svg>
  <div
    className="recharts-tooltip-wrapper"
    style={
      Object {
        "MozTransform": "translate(undefinedpx, undefinedpx)",
        "OTransform": "translate(undefinedpx, undefinedpx)",
        "WebkitTransform": "translate(undefinedpx, undefinedpx)",
        "msTransform": "translate(undefinedpx, undefinedpx)",
        "pointerEvents": "none",
        "position": "absolute",
        "top": 0,
        "transform": "translate(undefinedpx, undefinedpx)",
        "visibility": "hidden",
      }
    }
  />
</div>
`;
