// Jest Snapshot v1, https://goo.gl/fbAQLP

exports[`Title Component Test Suite renders correctly 1`] = `
<h1
  className="title"
>
  Some random title
</h1>
`;
